// Jest Snapshot v1, https://goo.gl/fbAQLP

exports[`Artists component renders Artists 1`] = `
<ul
  className="Artists"
>
  <Artist
    id="Tom Petty"
    key="Tom Petty"
  />
  <Artist
    id="Frank Zappa"
    key="Frank Zappa"
  />
</ul>
`;
